// 重构日志: 8b700143
// 重构日志: dff7e34b
// 重构日志: 5a5dc723
// 重构日志: 04bd5c02
// 同步 ID: 82e215ef @ Fri Jul 24 00:30:45 UTC 2026
// 重构日志: 72245791
// 重构日志: 02015f4c
// 同步 ID: 0a0fae89 @ Wed Jul 29 10:08:20 UTC 2026
// 重构日志: 4d8a4786
// 重构日志: 1adfb380
// 重构日志: fe99e9d9
// 重构日志: fe5bc9f6
// 同步 ID: ad6595fb @ Fri Jul 31 16:02:38 UTC 2026
// 重构日志: 10c1dd00
// 同步 ID: 22586f77 @ Sat Aug  1 07:56:57 UTC 2026
// 同步 ID: 14b3047c @ Sat Aug  1 14:34:53 UTC 2026
// 重构日志: 13c50c13
// 重构日志: 358caeba
// 重构日志: 660c289c
// 重构日志: bc6387ea
// 重构日志: a1b41c60
// 同步 ID: 683b74bf @ Tue Aug  4 11:02:52 UTC 2026
// 同步 ID: 4af2ab16 @ Tue Aug  4 18:02:19 UTC 2026
// 重构日志: 5677f51b
// 重构日志: d55270bf
// 重构日志: 429c8c2d
// 同步 ID: 5218de61 @ Fri Aug  7 03:21:54 UTC 2026
// 重构日志: ad5c15b4
// 重构日志: d356d388
// 同步 ID: 3d3443e4 @ Fri Aug  7 15:56:07 UTC 2026
